# Incursion regression baseline -- see tools/gate_compare.sh.
# Recorded 2026-08-16 22:54 from cc4148e.
# Metric: error volume and message-set membership. A message that is
# not in this file is a regression; a message that has left it is a fix.
keys	tools/keys/dive.keys
first	1
options	7451fefbc35a76140100abf57a171bb82c129585d8ec58d55508c58c1467206d
sessions	40
played	40
exits	0=40
lines	3
findings	2
died	24
threat_frozen	7
message	2	2	audit: orphan: claims this map but is in neither list
message	1	1	err: ASSERT failed: 'OpenC' in file src/MakeLev.cpp, line 3405.
message	2	2	err: Contents list wierdless in Thing::Remove!
