0 .agents/skills/beads/SKILL.md
0 .beads/README.md
0 .claude/commands/oracle.md
0 AGENTS.md
0 CLAUDE.md
0 MORNING-REPORT.md
0 README.md
0 docs/CONTROLS-ally.md
0 docs/DEVTOOLS-AUDIT.md
3 docs/ENGINE-EVENTS.md
1 docs/ENGINE-MAP-CREATURE.md
0 docs/ENGINE-MAP.md
4 docs/ENGINE-SCRIPT.md
0 docs/ENGINE-SERIALISATION.md
0 docs/FIXED.md
0 docs/HEADLESS-SPEC.md
1 docs/PORT-STATUS.md
0 docs/REPORTING-GATE.md
0 docs/SAVE-SCHEMA-SPEC.md
0 docs/SCRIPT-DATA-SEGMENT.md
0 docs/VERIFICATION.md
0 docs/YUSE-VERBS.md
0 docs/evidence/inc-5xn/README.md
0 docs/evidence/inc-90u/README.md
0 docs/evidence/inc-ijs/README.md
0 docs/evidence/inc-otz/README.md
0 docs/evidence/inc-upw.13/README.md
0 docs/evidence/inc-upw.15/frames-arm64.md
0 docs/evidence/inc-upw.15/gowith-reentrancy/README.md
0 docs/evidence/inc-upw.37/README.md
0 docs/evidence/inc-wcf/README.md
0 docs/evidence/inc-x1f3/README.md
0 docs/evidence/inc-x9i/README.md
0 docs/evidence/inc-x9i/observed-routes/README.md
0 docs/incursionscript.md
0 docs/modules.md
0 docs/outgoing/README.md
0 docs/outgoing/issue40-addendum.md
0 docs/outgoing/issue40-reply.md
0 docs/outgoing/issue8-reply.md
0 docs/outgoing/pr43-reply.md
0 docs/outgoing/release-1-notes.md
0 docs/outgoing/release-2-notes.md
0 docs/reference.md
0 docs/superpowers/plans/2026-08-24-save-schema-v1.md
1 docs/superpowers/plans/2026-08-25-save-manifest-position-refs.md
0 libtcod/README.md
0 tools/README.md
0 tools/gates/Options.Dat.md
