# The checks that were in tools/ before every check had to declare whether
# the gate runs it. tools/check_gate_membership.sh lets these stay unmarked;
# a check that is NOT listed here must carry a '# gate:' marker.
#
# This file only shrinks. Mark a check, then delete its line.
# Recorded 2026-09-11 with 22 checks already marked.
check_abi.sh
check_abs_path.sh
check_activate_stack.sh
check_air_ring_spell.sh
check_alienist_drain.sh
check_alienist_live.sh
check_animal_kinship_prose.sh
check_app.sh
check_armour_model.sh
check_bead_new_gate.sh
check_bead_publish.py
check_bloodspear_bane.sh
check_bloodspear_lizardfolk.sh
check_bloodspear_orc_save.sh
check_bloodspear_regen.sh
check_bloodspear_regen_duration.sh
check_boots_providence.sh
check_bracers_defense_page.sh
check_brawl_weapon.sh
check_brazier_prose.sh
check_broken_door.sh
check_chargen_escape.sh
check_circle_creator_death.sh
check_circle_no_stack.sh
check_circlet_blasting_prose.sh
check_cleanup_removal_event.sh
check_cloak_resistance.sh
check_clock_advance.sh
check_command_menu_gating.sh
check_command_prose.sh
check_consumable_abort.sh
check_convert_guard.sh
check_cowl_warding_prose.sh
check_cure_critical.sh
check_death_attack.sh
check_dequ_save_message.sh
check_devour_negative_cr.sh
check_devour_template_source.sh
check_dig_zero_skill.sh
check_distant_light_vision.sh
check_divination_staff_prose.sh
check_divine_aspect_prose.sh
check_divine_power.sh
check_doc_freshness.sh
check_dragonshield_hostility.sh
check_dragonshield_plus_prose.sh
check_dragonshield_prose.sh
check_drain_selfaim.sh
check_dump_save.sh
check_dup_names.sh
check_dwarven_thrower_throwable.sh
check_earth_ring_prose.sh
check_earthsinger_live.sh
check_enchant_graceful.sh
check_entangle_escape.sh
check_entangled_acts.sh
check_eyes_soul_prose.sh
check_field_day_duration.sh
check_field_grant_readers.sh
check_field_modifier_duration.sh
check_fiendish_servant.sh
check_fire_ring_resist.sh
check_flame_strike.sh
check_flame_tongue_large.sh
check_flame_tongue_range_prose.sh
check_flame_tongue_undead.sh
check_flavor_stability.sh
check_fork_release.sh
check_gcc_o2_char_create.sh
check_geomancy.sh
check_goblin_queen_prose.sh
check_gravestone.sh
check_grounded_stance_live.sh
check_headless.sh
check_hide_carried_light.sh
check_hide_dynamic_light.sh
check_holy_avenger_dispel_cl.sh
check_holy_undead.sh
check_horn_goodness_radius.sh
check_horn_madness.sh
check_horn_panic.sh
check_horn_plenty_prose.sh
check_horn_sewers_cr.sh
check_hornblade_roaring.sh
check_hunger_penalty.sh
check_huntsman_live.sh
check_illus_refund.sh
check_item_type_id.sh
check_javelin_lightning_savedc.sh
check_ki_strike_live.sh
check_killing_hands.sh
check_kobold_horn.sh
check_layout.sh
check_layout_sweep.sh
check_lib.sh
check_life_stealing_prose.sh
check_light_averse.sh
check_light_filter.sh
check_light_fog.sh
check_light_trim.sh
check_lightmap.sh
check_linux_build.sh
check_load_corrupt.sh
check_logrotate.sh
check_loremaster_live.sh
check_luckblade_plus.sh
check_lz_uncompress.sh
check_masterarcher_concentration_prose.sh
check_masterarcher_live.sh
check_menu_overflow.sh
check_menu_page_arrows.sh
check_menu_value.sh
check_module_rebuild.sh
check_mundane_autopickup.sh
check_natural_speed_live.sh
check_nonnormal_invariant.sh
check_open_xy.sh
check_options_migrate.sh
check_overlapping_modifier_fields.sh
check_package.sh
check_pad_help.sh
check_palettes.py
check_periapt_closure_prose.sh
check_periapt_poison_prose.sh
check_planes_sword_prose.sh
check_precision_prose.sh
check_prestige_hidden.sh
check_prestige_profs.sh
check_ptr_sweep.sh
check_python_rod_prose.sh
check_quiet_lookup.sh
check_race_feats.sh
check_retributive_mirror.sh
check_reveal_delete.sh
check_rider_corpse.sh
check_ring_command_level.sh
check_ring_fire_curse.sh
check_ring_fire_terrain.sh
check_ring_preservation_page.sh
check_ring_water_command.sh
check_robe_eyes.sh
check_rod_longsword_plus.sh
check_rod_lordly_might.sh
check_sacrifice.sh
check_sanctuary_strike.sh
check_save_fail.sh
check_shadow_shifting.sh
check_shadowstone_page.sh
check_sharp_senses.sh
check_shield_penalty.sh
check_shift_opcodes.sh
check_skill_manager_reset.sh
check_snowstrike.sh
check_spell_god_drift.sh
check_spook_ally.sh
check_springblade.sh
check_springblade_label.sh
check_stacked_abilities.sh
check_staff_abyss_alignment.sh
check_staff_abyss_spell_list.sh
check_staff_winter_grants.sh
check_staff_winter_quality.sh
check_stair_cycle.sh
check_stair_warn.sh
check_sticky_save.sh
check_store_scroll.sh
check_striking_wand_knockback.sh
check_strqueue.sh
check_stuck_fights.sh
check_sunblade_acc_crit.sh
check_sunblade_cold.sh
check_sunblade_light_range.sh
check_sunblade_negative_plane.sh
check_sylvan_scimitar_prose.sh
check_symbol_autopickup.sh
check_target_enter.sh
check_target_order.sh
check_telepathy_prose.sh
check_two_fist_feats_live.sh
check_underdark_live.sh
check_unearthly_harmonies_prose.sh
check_unholy_blight.sh
check_uninit_reads.sh
check_upstream_label.sh
check_v1_adversarial.sh
check_v1_append_survives.sh
check_v1_full_roundtrip.sh
check_v1_manifest_parse.sh
check_vdf_tokens.sh
check_wall_opacity.sh
check_wand_acid_type.sh
check_wand_animal.sh
check_wand_cleansing.sh
check_water_ring_prose.sh
check_weapon_groups.sh
check_weapon_immunity_live.sh
check_xp_penalty_rule.sh
check_xsummon_live.sh
check_yuse_activate.sh
check_zeal_strike.sh
