# Checks with no row in the README table, frozen 2026-08-25.
# check_rod_lordly_might.sh joined on the re-record: it arrived in bfd63f6,
# which is the commit the rules start after, so it predates them.
# Draining this file is bd inc-5ysg follow-up work. Delete a line
# when you write its row. Never add a line by hand.
check_alienist_drain.sh
check_armour_model.sh
check_boots_providence.sh
check_brawl_weapon.sh
check_clock_advance.sh
check_consumable_abort.sh
check_convert_guard.sh
check_death_attack.sh
check_dequ_save_message.sh
check_dig_zero_skill.sh
check_doc_citations.sh
check_doc_freshness.sh
check_dup_names.sh
check_flame_tongue_undead.sh
check_flavor_stability.sh
check_format_strings.sh
check_geomancy.sh
check_gravestone.sh
check_grounded_stance_live.sh
check_hunger_penalty.sh
check_item_type_id.sh
check_ki_strike_live.sh
check_ledger_rows.sh
check_luckblade_plus.sh
check_menu_overflow.sh
check_module_rebuild.sh
check_prestige_hidden.sh
check_probe_hooks.sh
check_rider_corpse.sh
check_ring_command_level.sh
check_ring_fire_curse.sh
check_ring_preservation_page.sh
check_ring_water_command.sh
check_robe_eyes.sh
check_rod_lordly_might.sh
check_schema_roundtrip.sh
check_spell_god_drift.sh
check_spook_ally.sh
check_spook_mount.sh
check_springblade.sh
check_stacked_abilities.sh
check_staff_abyss_alignment.sh
check_staff_abyss_spell_list.sh
check_staff_winter_grants.sh
check_staff_winter_quality.sh
check_stair_warn.sh
check_two_fist_feats_live.sh
check_v1_adversarial.sh
check_v1_append_survives.sh
check_v1_full_roundtrip.sh
check_v1_manifest_parse.sh
check_wand_animal.sh
check_wand_cleansing.sh
check_weapon_groups.sh
check_weapon_immunity_live.sh
check_xp_penalty_rule.sh
check_xp_penalty.sh
check_xsummon_live.sh
check_yuse_activate.sh
