1 tools/check_activate_stack.sh
2 tools/check_air_ring_spell.sh
1 tools/check_alienist_drain.sh
2 tools/check_animal_kinship_prose.sh
2 tools/check_app.sh
2 tools/check_armour_model.sh
1 tools/check_bloodspear_bane.sh
1 tools/check_bloodspear_lizardfolk.sh
2 tools/check_bloodspear_orc_save.sh
4 tools/check_bloodspear_regen.sh
2 tools/check_bloodspear_regen_duration.sh
1 tools/check_boots_providence.sh
3 tools/check_brawl_weapon.sh
1 tools/check_brazier_prose.sh
1 tools/check_broken_door.sh
1 tools/check_circle_creator_death.sh
2 tools/check_circlet_blasting_prose.sh
3 tools/check_cleanup_removal_event.sh
2 tools/check_cloak_resistance.sh
11 tools/check_clock_advance.sh
1 tools/check_command_menu_gating.sh
1 tools/check_command_prose.sh
2 tools/check_cowl_warding_prose.sh
1 tools/check_death_attack.sh
1 tools/check_dequ_save_message.sh
1 tools/check_devour_negative_cr.sh
3 tools/check_devour_template_source.sh
1 tools/check_dig_zero_skill.sh
2 tools/check_divination_staff_prose.sh
1 tools/check_divine_aspect_prose.sh
1 tools/check_doc_citations.sh
2 tools/check_dragonshield_hostility.sh
2 tools/check_dragonshield_plus_prose.sh
2 tools/check_dragonshield_prose.sh
5 tools/check_dwarven_thrower_throwable.sh
2 tools/check_earth_ring_prose.sh
2 tools/check_enchant_graceful.sh
1 tools/check_entangle_escape.sh
1 tools/check_eyes_soul_prose.sh
1 tools/check_field_day_duration.sh
1 tools/check_field_modifier_duration.sh
2 tools/check_fiendish_servant.sh
1 tools/check_flame_strike.sh
2 tools/check_flame_tongue_large.sh
2 tools/check_flame_tongue_range_prose.sh
4 tools/check_flame_tongue_undead.sh
1 tools/check_gate_membership.sh
3 tools/check_gcc_o2_char_create.sh
1 tools/check_gear_protection_roster.sh
3 tools/check_geomancy.sh
2 tools/check_goblin_queen_prose.sh
2 tools/check_gravestone.sh
2 tools/check_grounded_stance_live.sh
1 tools/check_hide_dynamic_light.sh
2 tools/check_holy_avenger_dispel_cl.sh
2 tools/check_holy_undead.sh
1 tools/check_horn_goodness_radius.sh
4 tools/check_horn_madness.sh
2 tools/check_horn_panic.sh
1 tools/check_horn_plenty_prose.sh
1 tools/check_horn_sewers_cr.sh
1 tools/check_hornblade_roaring.sh
2 tools/check_hunger_penalty.sh
1 tools/check_huntsman_live.sh
1 tools/check_item_type_id.sh
2 tools/check_javelin_lightning_savedc.sh
2 tools/check_ki_strike_live.sh
2 tools/check_killing_hands.sh
4 tools/check_kobold_horn.sh
1 tools/check_layout_sweep.sh
4 tools/check_ledger_rows.sh
1 tools/check_lib.sh
1 tools/check_life_stealing_prose.sh
1 tools/check_light_filter.sh
1 tools/check_light_fog.sh
1 tools/check_lightmap.sh
2 tools/check_linux_build.sh
1 tools/check_luckblade_plus.sh
2 tools/check_masterarcher_live.sh
3 tools/check_menu_overflow.sh
3 tools/check_menu_page_arrows.sh
2 tools/check_mundane_autopickup.sh
1 tools/check_natural_speed_live.sh
1 tools/check_overlapping_modifier_fields.sh
7 tools/check_pad_help.sh
1 tools/check_pass_record.sh
1 tools/check_periapt_closure_prose.sh
2 tools/check_periapt_poison_prose.sh
2 tools/check_planes_sword_prose.sh
1 tools/check_precision_prose.sh
2 tools/check_prestige_profs.sh
2 tools/check_probe_hooks.sh
3 tools/check_python_rod_prose.sh
1 tools/check_race_feats.sh
1 tools/check_rider_corpse.sh
1 tools/check_ring_command_level.sh
1 tools/check_ring_fire_curse.sh
1 tools/check_ring_fire_terrain.sh
3 tools/check_ring_preservation_page.sh
1 tools/check_ring_water_command.sh
1 tools/check_robe_eyes.sh
2 tools/check_rod_longsword_plus.sh
2 tools/check_rod_lordly_might.sh
1 tools/check_sacrifice.sh
1 tools/check_sanctuary_strike.sh
6 tools/check_shadow_shifting.sh
2 tools/check_sharp_senses.sh
3 tools/check_sigpipe_status.sh
2 tools/check_snowstrike.sh
3 tools/check_springblade.sh
2 tools/check_springblade_label.sh
1 tools/check_staff_abyss_alignment.sh
2 tools/check_staff_abyss_spell_list.sh
1 tools/check_staff_winter_grants.sh
1 tools/check_staff_winter_quality.sh
2 tools/check_sticky_save.sh
2 tools/check_striking_wand_knockback.sh
2 tools/check_sunblade_acc_crit.sh
2 tools/check_sunblade_cold.sh
2 tools/check_sunblade_light_range.sh
3 tools/check_sunblade_negative_plane.sh
2 tools/check_sylvan_scimitar_prose.sh
6 tools/check_symbol_autopickup.sh
2 tools/check_telepathy_prose.sh
3 tools/check_two_fist_feats_live.sh
2 tools/check_unearthly_harmonies_prose.sh
9 tools/check_upstream_label.sh
1 tools/check_v1_append_survives.sh
1 tools/check_v1_full_roundtrip.sh
2 tools/check_wand_acid_type.sh
1 tools/check_wand_animal.sh
1 tools/check_wand_cleansing.sh
2 tools/check_water_ring_prose.sh
2 tools/check_weapon_groups.sh
5 tools/check_weapon_immunity_live.sh
1 tools/check_yuse_activate.sh
1 tools/check_zeal_strike.sh
2 tools/doc_freshness_cron.sh
1 tools/finish_bead.sh
4 tools/gate_compare.sh
1 tools/nightly_verify.sh
1 tools/package_linux.sh
2 tools/probe_hooks_cron.sh
1 tools/worktree.sh
